complete
run A
yield A
run B
yield B
run A
yield A
run B
yield B
run A
wait A 7
run B
run B
cleanup B
Result B 99
signal 7
run A
cleanup stream
cleanup A
Result A 42
Closed
Closed
early
run A
yield A
run B
yield B
run A
yield A
run B
yield B
run A
wait A 7
abandon
cleanup B
cleanup stream
cleanup A
Closed
Closed
