ok "HTTP/1.1 200 \r\nContent-Length: 5\r\n\r\nabcde"
InvalidMessage "body exceeds its declared length" "HTTP/1.1 200 \r\nContent-Length: 3\r\n\r\n"
InvalidMessage "body is shorter than its declared length" "HTTP/1.1 200 \r\nContent-Length: 3\r\n\r\nab"
ok "HTTP/1.1 200 \r\nContent-Length: 3\r\n\r\n"
InvalidMessage "message cannot carry a body" ""
InvalidMessage "declared body length is negative" ""
BodyAborted "source failed" "HTTP/1.1 200 \r\nTransfer-Encoding: chunked\r\n\r\n7\r\npartial\r\n"
ok "HTTP/1.1 200 \r\nTransfer-Encoding: chunked\r\n\r\n4\r\nabcd\r\n0\r\n\r\n"
ok "HTTP/1.1 200 \r\nTransfer-Encoding: chunked\r\n\r\n1\r\na\r\n1\r\nb\r\n0\r\n\r\n"
